C51 COMPILER V9.60.7.0   MAIN                                                              11/13/2024 01:54:52 PAGE 1   


C51 COMPILER V9.60.7.0, COMPILATION OF MODULE MAIN
OBJECT MODULE PLACED IN .\Objects\main.obj
COMPILER INVOKED BY: C:\Keil_v5\C51\BIN\C51.exe main.c LARGE OPTIMIZE(8,SPEED) BROWSE DEBUG OBJECTEXTEND PRINT(.\Listing
                    -s\main.lst) TABS(2) OBJECT(.\Objects\main.obj)

line level    source

   1          #include "main.h"
*** WARNING C275 IN LINE 283 OF main.h: expression with possibly no effect
   2          
   3          int main(void){
   4   1          Main_Initial();
   5   1          while(0x1){
   6   2              Fetch_System_Time();
   7   2              Fetch_User_Control();
   8   2              Fetch_System_Trigger();
   9   2              Update_Device_State();
  10   2              Mode_Change();
  11   2              Mode_Process();
  12   2              // delay_ms(300);
  13   2          }
  14   1          return 0;
  15   1      }
*** WARNING C294 IN LINE 131 OF main.c: unreachable code
*** WARNING C294 IN LINE 14 OF main.c: unreachable code


MODULE INFORMATION:   STATIC OVERLAYABLE
   CODE SIZE        =   6410    ----
   CONSTANT SIZE    =    690    ----
   XDATA SIZE       =     82     123
   PDATA SIZE       =   ----    ----
   DATA SIZE        =   ----    ----
   IDATA SIZE       =   ----    ----
   BIT SIZE         =   ----    ----
END OF MODULE INFORMATION.


C51 COMPILATION COMPLETE.  3 WARNING(S),  0 ERROR(S)
