C51 COMPILER V9.60.7.0   MAIN                                                              09/17/2024 10:37:37 PAGE 1   


C51 COMPILER V9.60.7.0, COMPILATION OF MODULE MAIN
OBJECT MODULE PLACED IN .\Objects\main.obj
COMPILER INVOKED BY: C:\Keil_v5\C51\BIN\C51.EXE main.c OPTIMIZE(8,SPEED) BROWSE DEBUG OBJECTEXTEND PRINT(.\Listings\main
                    -.lst) TABS(2) OBJECT(.\Objects\main.obj)

line level    source

   1          #include "main.h"
   2          
   3          
   4          void main(){
   5   1        
   6   1        INITIAL();
   7   1        SET_YELLOW_TIMER(5);
   8   1        SET_RED_GREEN_TIMER(15);
   9   1        SET_DISPLAY_PERIOD(12);
  10   1      
  11   1        while ( 0x1 ){
  12   2          if( AUTO_MANUAL() ){
  13   3            SET_STATE(RED);
  14   3            SET_TIMER(0);
  15   3            SET_STATE(GREEN);
  16   3            SET_TIMER(1);
  17   3          }else{
  18   3            STOP_COUNT();
  19   3            SET_STATE(RED_GREEN());
  20   3          }
  21   2        }
  22   1        
  23   1        
  24   1      }


MODULE INFORMATION:   STATIC OVERLAYABLE
   CODE SIZE        =    974    ----
   CONSTANT SIZE    =   ----    ----
   XDATA SIZE       =   ----    ----
   PDATA SIZE       =   ----    ----
   DATA SIZE        =     36       6
   IDATA SIZE       =   ----    ----
   BIT SIZE         =   ----    ----
END OF MODULE INFORMATION.


C51 COMPILATION COMPLETE.  0 WARNING(S),  0 ERROR(S)
